Dot-file graph.dot generated
/page1.html (4 hits)
/page2.html (3 hits)
/page3.html (2 hits)
/page5.html (2 hits)
/page4.html (1 hits)