/page0.html (19 hits)
/page1.html (14 hits)
/page2.html (10 hits)
/page12.html (8 hits)
/page14.html (7 hits)
/page199.html (6 hits)
/page54.html (6 hits)
/page11.html (5 hits)
/page155.html (5 hits)
/page192.html (5 hits)
/image.jpg (4 hits)
/page3.html (4 hits)
/page4.jpg (4 hits)
/page23.html (3 hits)
/page5.html (2 hits)