Dot-file graph.dot generated
/page1.html (2 hits)
/page2.html (2 hits)
/page3.html (1 hits)
/page4.html (1 hits)
/page5.html (1 hits)